// Jest Snapshot v1, https://goo.gl/fbAQLP

exports[`render correctly 1`] = `"<li><button class="px-3 py-1 h-[32px] min-w-[50px] max-w-[15.5rem] text-base truncate cursor-pointer border rounded-full bg-black/5 hover:bg-black/10 focus:bg-black/10">One very very long longest category</button></li>"`;
